// Jest Snapshot v1, https://goo.gl/fbAQLP

exports[`Button snapshot testing 1`] = `
.c0 {
  background-color: #1EA4CE;
  color: #fff;
  border: none;
  font-weight: 600;
  padding: 6px 16px;
  border-radius: 2px;
  cursor: pointer;
  min-width: 85px;
  min-height: 32px;
}

<button
  className="c0"
  color="#fff"
>
  Button
</button>
`;
